[0.006s][info][gc] Using G1
[0.007s][info][gc,init] Version: 17.0.6+9-LTS-190 (release)
[0.007s][info][gc,init] CPUs: 10 total, 10 available
[0.007s][info][gc,init] Memory: 32768M
[0.007s][info][gc,init] Large Page Support: Disabled
[0.007s][info][gc,init] NUMA Support: Disabled
[0.007s][info][gc,init] Compressed Oops: Enabled (Zero based)
[0.007s][info][gc,init] Heap Region Size: 1M
[0.007s][info][gc,init] Heap Min Capacity: 8M
[0.007s][info][gc,init] Heap Initial Capacity: 512M
[0.007s][info][gc,init] Heap Max Capacity: 1G
[0.007s][info][gc,init] Pre-touch: Disabled
[0.007s][info][gc,init] Parallel Workers: 9
[0.007s][info][gc,init] Concurrent Workers: 2
[0.007s][info][gc,init] Concurrent Refinement Workers: 9
[0.007s][info][gc,init] Periodic GC: Disabled
[0.008s][info][gc,metaspace] CDS archive(s) mapped at: [0x0000000800000000-0x0000000800bd8000-0x0000000800bd8000), size 12419072, SharedBaseAddress: 0x0000000800000000, ArchiveRelocationMode: 0.
[0.008s][info][gc,metaspace] Compressed class space mapped at: 0x0000000800c00000-0x0000000840c00000, reserved size: 1073741824
[0.008s][info][gc,metaspace] Narrow klass base: 0x0000000800000000, Narrow klass shift: 0, Narrow klass range: 0x100000000
[0.623s][info][gc,start    ] GC(0) Pause Young (Concurrent Start) (Metadata GC Threshold)
[0.624s][info][gc,task     ] GC(0) Using 9 workers of 9 for evacuation
[0.628s][info][gc,phases   ] GC(0)   Pre Evacuate Collection Set: 0.1ms
[0.628s][info][gc,phases   ] GC(0)   Merge Heap Roots: 0.1ms
[0.628s][info][gc,phases   ] GC(0)   Evacuate Collection Set: 3.5ms
[0.628s][info][gc,phases   ] GC(0)   Post Evacuate Collection Set: 0.5ms
[0.628s][info][gc,phases   ] GC(0)   Other: 0.6ms
[0.628s][info][gc,heap     ] GC(0) Eden regions: 114->0(158)
[0.628s][info][gc,heap     ] GC(0) Survivor regions: 0->12(22)
[0.628s][info][gc,heap     ] GC(0) Old regions: 0->0
[0.628s][info][gc,heap     ] GC(0) Archive regions: 2->2
[0.628s][info][gc,heap     ] GC(0) Humongous regions: 0->0
[0.628s][info][gc,metaspace] GC(0) Metaspace: 21264K(21504K)->21264K(21504K) NonClass: 18360K(18496K)->18360K(18496K) Class: 2903K(3008K)->2903K(3008K)
[0.628s][info][gc          ] GC(0) Pause Young (Concurrent Start) (Metadata GC Threshold) 114M->12M(514M) 4.787ms
[0.628s][info][gc,cpu      ] GC(0) User=0.02s Sys=0.01s Real=0.00s
[0.628s][info][gc          ] GC(1) Concurrent Mark Cycle
[0.628s][info][gc,marking  ] GC(1) Concurrent Clear Claimed Marks
[0.628s][info][gc,marking  ] GC(1) Concurrent Clear Claimed Marks 0.022ms
[0.628s][info][gc,marking  ] GC(1) Concurrent Scan Root Regions
[0.630s][info][gc,marking  ] GC(1) Concurrent Scan Root Regions 2.071ms
[0.630s][info][gc,marking  ] GC(1) Concurrent Mark
[0.630s][info][gc,marking  ] GC(1) Concurrent Mark From Roots
[0.630s][info][gc,task     ] GC(1) Using 2 workers of 2 for marking
[0.631s][info][gc,marking  ] GC(1) Concurrent Mark From Roots 0.778ms
[0.631s][info][gc,marking  ] GC(1) Concurrent Preclean
[0.631s][info][gc,marking  ] GC(1) Concurrent Preclean 0.015ms
[0.631s][info][gc,start    ] GC(1) Pause Remark
[0.632s][info][gc          ] GC(1) Pause Remark 12M->12M(50M) 0.962ms
[0.632s][info][gc,cpu      ] GC(1) User=0.01s Sys=0.00s Real=0.00s
[0.632s][info][gc,marking  ] GC(1) Concurrent Mark 1.945ms
[0.632s][info][gc,marking  ] GC(1) Concurrent Rebuild Remembered Sets
[0.632s][info][gc,marking  ] GC(1) Concurrent Rebuild Remembered Sets 0.006ms
[0.632s][info][gc,start    ] GC(1) Pause Cleanup
[0.632s][info][gc          ] GC(1) Pause Cleanup 12M->12M(50M) 0.015ms
[0.632s][info][gc,cpu      ] GC(1) User=0.00s Sys=0.00s Real=0.00s
[0.632s][info][gc,marking  ] GC(1) Concurrent Cleanup for Next Mark
[0.633s][info][gc,marking  ] GC(1) Concurrent Cleanup for Next Mark 0.174ms
[0.633s][info][gc          ] GC(1) Concurrent Mark Cycle 4.465ms
[0.798s][info][gc,start    ] GC(2) Pause Young (Normal) (G1 Preventive Collection)
[0.798s][info][gc,task     ] GC(2) Using 5 workers of 9 for evacuation
[0.803s][info][gc,phases   ] GC(2)   Pre Evacuate Collection Set: 0.0ms
[0.803s][info][gc,phases   ] GC(2)   Merge Heap Roots: 0.0ms
[0.803s][info][gc,phases   ] GC(2)   Evacuate Collection Set: 4.1ms
[0.803s][info][gc,phases   ] GC(2)   Post Evacuate Collection Set: 0.4ms
[0.803s][info][gc,phases   ] GC(2)   Other: 0.1ms
[0.803s][info][gc,heap     ] GC(2) Eden regions: 30->0(5)
[0.803s][info][gc,heap     ] GC(2) Survivor regions: 12->14(22)
[0.803s][info][gc,heap     ] GC(2) Old regions: 0->0
[0.803s][info][gc,heap     ] GC(2) Archive regions: 2->2
[0.803s][info][gc,heap     ] GC(2) Humongous regions: 0->0
[0.803s][info][gc,metaspace] GC(2) Metaspace: 25506K(25920K)->25506K(25920K) NonClass: 22019K(22272K)->22019K(22272K) Class: 3486K(3648K)->3486K(3648K)
[0.803s][info][gc          ] GC(2) Pause Young (Normal) (G1 Preventive Collection) 42M->14M(58M) 4.693ms
[0.803s][info][gc,cpu      ] GC(2) User=0.02s Sys=0.00s Real=0.01s
[0.832s][info][gc,start    ] GC(3) Pause Young (Normal) (G1 Evacuation Pause)
[0.832s][info][gc,task     ] GC(3) Using 3 workers of 9 for evacuation
[0.837s][info][gc,phases   ] GC(3)   Pre Evacuate Collection Set: 0.0ms
[0.837s][info][gc,phases   ] GC(3)   Merge Heap Roots: 0.0ms
[0.837s][info][gc,phases   ] GC(3)   Evacuate Collection Set: 4.9ms
[0.837s][info][gc,phases   ] GC(3)   Post Evacuate Collection Set: 0.2ms
[0.837s][info][gc,phases   ] GC(3)   Other: 0.1ms
[0.837s][info][gc,heap     ] GC(3) Eden regions: 5->0(17)
[0.837s][info][gc,heap     ] GC(3) Survivor regions: 14->2(3)
[0.837s][info][gc,heap     ] GC(3) Old regions: 0->13
[0.837s][info][gc,heap     ] GC(3) Archive regions: 2->2
[0.837s][info][gc,heap     ] GC(3) Humongous regions: 0->0
[0.837s][info][gc,metaspace] GC(3) Metaspace: 26151K(26560K)->26151K(26560K) NonClass: 22561K(22784K)->22561K(22784K) Class: 3590K(3776K)->3590K(3776K)
[0.837s][info][gc          ] GC(3) Pause Young (Normal) (G1 Evacuation Pause) 19M->15M(58M) 5.365ms
[0.837s][info][gc,cpu      ] GC(3) User=0.02s Sys=0.00s Real=0.00s
[0.939s][info][gc,start    ] GC(4) Pause Young (Normal) (G1 Evacuation Pause)
[0.939s][info][gc,task     ] GC(4) Using 2 workers of 9 for evacuation
[0.941s][info][gc,phases   ] GC(4)   Pre Evacuate Collection Set: 0.0ms
[0.941s][info][gc,phases   ] GC(4)   Merge Heap Roots: 0.0ms
[0.941s][info][gc,phases   ] GC(4)   Evacuate Collection Set: 1.9ms
[0.941s][info][gc,phases   ] GC(4)   Post Evacuate Collection Set: 0.2ms
[0.941s][info][gc,phases   ] GC(4)   Other: 0.1ms
[0.941s][info][gc,heap     ] GC(4) Eden regions: 17->0(17)
[0.941s][info][gc,heap     ] GC(4) Survivor regions: 2->2(3)
[0.941s][info][gc,heap     ] GC(4) Old regions: 13->13
[0.941s][info][gc,heap     ] GC(4) Archive regions: 2->2
[0.941s][info][gc,heap     ] GC(4) Humongous regions: 0->0
[0.941s][info][gc,metaspace] GC(4) Metaspace: 29041K(29504K)->29041K(29504K) NonClass: 24897K(25152K)->24897K(25152K) Class: 4144K(4352K)->4144K(4352K)
[0.941s][info][gc          ] GC(4) Pause Young (Normal) (G1 Evacuation Pause) 32M->15M(58M) 2.220ms
[0.941s][info][gc,cpu      ] GC(4) User=0.01s Sys=0.00s Real=0.01s
[1.047s][info][gc,start    ] GC(5) Pause Young (Normal) (G1 Evacuation Pause)
[1.047s][info][gc,task     ] GC(5) Using 8 workers of 9 for evacuation
[1.048s][info][gc,phases   ] GC(5)   Pre Evacuate Collection Set: 0.0ms
[1.048s][info][gc,phases   ] GC(5)   Merge Heap Roots: 0.0ms
[1.048s][info][gc,phases   ] GC(5)   Evacuate Collection Set: 0.9ms
[1.048s][info][gc,phases   ] GC(5)   Post Evacuate Collection Set: 0.2ms
[1.048s][info][gc,phases   ] GC(5)   Other: 0.1ms
[1.048s][info][gc,heap     ] GC(5) Eden regions: 17->0(16)
[1.048s][info][gc,heap     ] GC(5) Survivor regions: 2->3(3)
[1.048s][info][gc,heap     ] GC(5) Old regions: 13->14
[1.048s][info][gc,heap     ] GC(5) Archive regions: 2->2
[1.048s][info][gc,heap     ] GC(5) Humongous regions: 0->0
[1.048s][info][gc,metaspace] GC(5) Metaspace: 31704K(32256K)->31704K(32256K) NonClass: 27223K(27520K)->27223K(27520K) Class: 4481K(4736K)->4481K(4736K)
[1.048s][info][gc          ] GC(5) Pause Young (Normal) (G1 Evacuation Pause) 32M->16M(58M) 1.321ms
[1.048s][info][gc,cpu      ] GC(5) User=0.01s Sys=0.00s Real=0.00s
[1.137s][info][gc,start    ] GC(6) Pause Young (Normal) (G1 Evacuation Pause)
[1.137s][info][gc,task     ] GC(6) Using 8 workers of 9 for evacuation
[1.139s][info][gc,phases   ] GC(6)   Pre Evacuate Collection Set: 0.0ms
[1.139s][info][gc,phases   ] GC(6)   Merge Heap Roots: 0.0ms
[1.139s][info][gc,phases   ] GC(6)   Evacuate Collection Set: 1.0ms
[1.139s][info][gc,phases   ] GC(6)   Post Evacuate Collection Set: 0.5ms
[1.139s][info][gc,phases   ] GC(6)   Other: 0.1ms
[1.139s][info][gc,heap     ] GC(6) Eden regions: 16->0(92)
[1.139s][info][gc,heap     ] GC(6) Survivor regions: 3->3(3)
[1.139s][info][gc,heap     ] GC(6) Old regions: 14->15
[1.139s][info][gc,heap     ] GC(6) Archive regions: 2->2
[1.139s][info][gc,heap     ] GC(6) Humongous regions: 0->0
[1.139s][info][gc,metaspace] GC(6) Metaspace: 33666K(34112K)->33666K(34112K) NonClass: 28911K(29120K)->28911K(29120K) Class: 4754K(4992K)->4754K(4992K)
[1.139s][info][gc          ] GC(6) Pause Young (Normal) (G1 Evacuation Pause) 32M->18M(285M) 1.746ms
[1.139s][info][gc,cpu      ] GC(6) User=0.01s Sys=0.00s Real=0.00s
[1.206s][info][gc,start    ] GC(7) Pause Young (Concurrent Start) (Metadata GC Threshold)
[1.206s][info][gc,task     ] GC(7) Using 8 workers of 9 for evacuation
[1.208s][info][gc,phases   ] GC(7)   Pre Evacuate Collection Set: 0.1ms
[1.208s][info][gc,phases   ] GC(7)   Merge Heap Roots: 0.0ms
[1.208s][info][gc,phases   ] GC(7)   Evacuate Collection Set: 1.1ms
[1.208s][info][gc,phases   ] GC(7)   Post Evacuate Collection Set: 0.2ms
[1.208s][info][gc,phases   ] GC(7)   Other: 0.1ms
[1.208s][info][gc,heap     ] GC(7) Eden regions: 15->0(91)
[1.208s][info][gc,heap     ] GC(7) Survivor regions: 3->4(12)
[1.208s][info][gc,heap     ] GC(7) Old regions: 15->15
[1.208s][info][gc,heap     ] GC(7) Archive regions: 2->2
[1.208s][info][gc,heap     ] GC(7) Humongous regions: 0->0
[1.208s][info][gc,metaspace] GC(7) Metaspace: 35622K(36096K)->35622K(36096K) NonClass: 30553K(30784K)->30553K(30784K) Class: 5068K(5312K)->5068K(5312K)
[1.208s][info][gc          ] GC(7) Pause Young (Concurrent Start) (Metadata GC Threshold) 32M->19M(285M) 1.648ms
[1.208s][info][gc,cpu      ] GC(7) User=0.00s Sys=0.00s Real=0.00s
[1.208s][info][gc          ] GC(8) Concurrent Mark Cycle
[1.208s][info][gc,marking  ] GC(8) Concurrent Clear Claimed Marks
[1.208s][info][gc,marking  ] GC(8) Concurrent Clear Claimed Marks 0.012ms
[1.208s][info][gc,marking  ] GC(8) Concurrent Scan Root Regions
[1.209s][info][gc,marking  ] GC(8) Concurrent Scan Root Regions 1.211ms
[1.209s][info][gc,marking  ] GC(8) Concurrent Mark
[1.209s][info][gc,marking  ] GC(8) Concurrent Mark From Roots
[1.209s][info][gc,task     ] GC(8) Using 2 workers of 2 for marking
[1.216s][info][gc,marking  ] GC(8) Concurrent Mark From Roots 6.714ms
[1.216s][info][gc,marking  ] GC(8) Concurrent Preclean
[1.216s][info][gc,marking  ] GC(8) Concurrent Preclean 0.047ms
[1.216s][info][gc,start    ] GC(8) Pause Remark
[1.217s][info][gc          ] GC(8) Pause Remark 20M->20M(77M) 1.054ms
[1.217s][info][gc,cpu      ] GC(8) User=0.00s Sys=0.00s Real=0.00s
[1.217s][info][gc,marking  ] GC(8) Concurrent Mark 8.006ms
[1.217s][info][gc,marking  ] GC(8) Concurrent Rebuild Remembered Sets
[1.221s][info][gc,marking  ] GC(8) Concurrent Rebuild Remembered Sets 3.932ms
[1.221s][info][gc,start    ] GC(8) Pause Cleanup
[1.221s][info][gc          ] GC(8) Pause Cleanup 20M->20M(77M) 0.075ms
[1.221s][info][gc,cpu      ] GC(8) User=0.00s Sys=0.00s Real=0.00s
[1.221s][info][gc,marking  ] GC(8) Concurrent Cleanup for Next Mark
[1.222s][info][gc,marking  ] GC(8) Concurrent Cleanup for Next Mark 0.140ms
[1.222s][info][gc          ] GC(8) Concurrent Mark Cycle 13.637ms
[6.816s][info][gc,start    ] GC(9) Pause Young (Prepare Mixed) (G1 Preventive Collection)
[6.816s][info][gc,task     ] GC(9) Using 8 workers of 9 for evacuation
[6.819s][info][gc,phases   ] GC(9)   Pre Evacuate Collection Set: 0.1ms
[6.819s][info][gc,phases   ] GC(9)   Merge Heap Roots: 0.1ms
[6.819s][info][gc,phases   ] GC(9)   Evacuate Collection Set: 2.5ms
[6.819s][info][gc,phases   ] GC(9)   Post Evacuate Collection Set: 0.3ms
[6.819s][info][gc,phases   ] GC(9)   Other: 0.1ms
[6.819s][info][gc,heap     ] GC(9) Eden regions: 47->0(18)
[6.819s][info][gc,heap     ] GC(9) Survivor regions: 4->7(12)
[6.819s][info][gc,heap     ] GC(9) Old regions: 15->15
[6.819s][info][gc,heap     ] GC(9) Archive regions: 2->2
[6.819s][info][gc,heap     ] GC(9) Humongous regions: 0->0
[6.819s][info][gc,metaspace] GC(9) Metaspace: 43290K(43776K)->43290K(43776K) NonClass: 37183K(37440K)->37183K(37440K) Class: 6107K(6336K)->6107K(6336K)
[6.819s][info][gc          ] GC(9) Pause Young (Prepare Mixed) (G1 Preventive Collection) 66M->22M(77M) 3.187ms
[6.819s][info][gc,cpu      ] GC(9) User=0.02s Sys=0.00s Real=0.00s
[24751.421s][info][gc,start    ] GC(10) Pause Young (Mixed) (G1 Evacuation Pause)
[24751.422s][info][gc,task     ] GC(10) Using 8 workers of 9 for evacuation
[24751.437s][info][gc,phases   ] GC(10)   Pre Evacuate Collection Set: 0.3ms
[24751.437s][info][gc,phases   ] GC(10)   Merge Heap Roots: 0.4ms
[24751.437s][info][gc,phases   ] GC(10)   Evacuate Collection Set: 14.2ms
[24751.437s][info][gc,phases   ] GC(10)   Post Evacuate Collection Set: 0.4ms
[24751.437s][info][gc,phases   ] GC(10)   Other: 0.9ms
[24751.437s][info][gc,heap     ] GC(10) Eden regions: 18->0(23)
[24751.437s][info][gc,heap     ] GC(10) Survivor regions: 7->2(4)
[24751.437s][info][gc,heap     ] GC(10) Old regions: 15->21
[24751.437s][info][gc,heap     ] GC(10) Archive regions: 2->2
[24751.438s][info][gc,heap     ] GC(10) Humongous regions: 0->0
[24751.438s][info][gc,metaspace] GC(10) Metaspace: 44349K(44864K)->44349K(44864K) NonClass: 38091K(38336K)->38091K(38336K) Class: 6257K(6528K)->6257K(6528K)
[24751.438s][info][gc          ] GC(10) Pause Young (Mixed) (G1 Evacuation Pause) 40M->22M(77M) 16.225ms
[24751.438s][info][gc,cpu      ] GC(10) User=0.03s Sys=0.02s Real=0.01s
[26289.547s][info][gc,heap,exit] Heap
[26289.547s][info][gc,heap,exit]  garbage-first heap   total 78848K, used 26757K [0x00000007c0000000, 0x0000000800000000)
[26289.547s][info][gc,heap,exit]   region size 1024K, 6 young (6144K), 2 survivors (2048K)
[26289.547s][info][gc,heap,exit]  Metaspace       used 44635K, committed 45120K, reserved 1089536K
[26289.547s][info][gc,heap,exit]   class space    used 6312K, committed 6528K, reserved 1048576K
