[0.007s][info][gc] Using G1
[0.008s][info][gc,init] Version: 17.0.6+9-LTS-190 (release)
[0.008s][info][gc,init] CPUs: 10 total, 10 available
[0.008s][info][gc,init] Memory: 32768M
[0.008s][info][gc,init] Large Page Support: Disabled
[0.008s][info][gc,init] NUMA Support: Disabled
[0.008s][info][gc,init] Compressed Oops: Enabled (Zero based)
[0.008s][info][gc,init] Heap Region Size: 1M
[0.008s][info][gc,init] Heap Min Capacity: 8M
[0.008s][info][gc,init] Heap Initial Capacity: 512M
[0.008s][info][gc,init] Heap Max Capacity: 1G
[0.008s][info][gc,init] Pre-touch: Disabled
[0.008s][info][gc,init] Parallel Workers: 9
[0.008s][info][gc,init] Concurrent Workers: 2
[0.008s][info][gc,init] Concurrent Refinement Workers: 9
[0.008s][info][gc,init] Periodic GC: Disabled
[0.008s][info][gc,metaspace] CDS archive(s) mapped at: [0x0000000800000000-0x0000000800bd8000-0x0000000800bd8000), size 12419072, SharedBaseAddress: 0x0000000800000000, ArchiveRelocationMode: 0.
[0.008s][info][gc,metaspace] Compressed class space mapped at: 0x0000000800c00000-0x0000000840c00000, reserved size: 1073741824
[0.008s][info][gc,metaspace] Narrow klass base: 0x0000000800000000, Narrow klass shift: 0, Narrow klass range: 0x100000000
[0.661s][info][gc,start    ] GC(0) Pause Young (Concurrent Start) (Metadata GC Threshold)
[0.661s][info][gc,task     ] GC(0) Using 9 workers of 9 for evacuation
[0.665s][info][gc,phases   ] GC(0)   Pre Evacuate Collection Set: 0.1ms
[0.665s][info][gc,phases   ] GC(0)   Merge Heap Roots: 0.1ms
[0.665s][info][gc,phases   ] GC(0)   Evacuate Collection Set: 3.5ms
[0.665s][info][gc,phases   ] GC(0)   Post Evacuate Collection Set: 0.3ms
[0.665s][info][gc,phases   ] GC(0)   Other: 0.3ms
[0.665s][info][gc,heap     ] GC(0) Eden regions: 114->0(158)
[0.665s][info][gc,heap     ] GC(0) Survivor regions: 0->12(22)
[0.665s][info][gc,heap     ] GC(0) Old regions: 0->0
[0.665s][info][gc,heap     ] GC(0) Archive regions: 2->2
[0.665s][info][gc,heap     ] GC(0) Humongous regions: 0->0
[0.665s][info][gc,metaspace] GC(0) Metaspace: 21261K(21504K)->21261K(21504K) NonClass: 18356K(18496K)->18356K(18496K) Class: 2905K(3008K)->2905K(3008K)
[0.665s][info][gc          ] GC(0) Pause Young (Concurrent Start) (Metadata GC Threshold) 114M->12M(514M) 4.452ms
[0.665s][info][gc,cpu      ] GC(0) User=0.02s Sys=0.01s Real=0.01s
[0.665s][info][gc          ] GC(1) Concurrent Mark Cycle
[0.665s][info][gc,marking  ] GC(1) Concurrent Clear Claimed Marks
[0.665s][info][gc,marking  ] GC(1) Concurrent Clear Claimed Marks 0.017ms
[0.665s][info][gc,marking  ] GC(1) Concurrent Scan Root Regions
[0.668s][info][gc,marking  ] GC(1) Concurrent Scan Root Regions 2.038ms
[0.668s][info][gc,marking  ] GC(1) Concurrent Mark
[0.668s][info][gc,marking  ] GC(1) Concurrent Mark From Roots
[0.668s][info][gc,task     ] GC(1) Using 2 workers of 2 for marking
[0.668s][info][gc,marking  ] GC(1) Concurrent Mark From Roots 0.519ms
[0.668s][info][gc,marking  ] GC(1) Concurrent Preclean
[0.668s][info][gc,marking  ] GC(1) Concurrent Preclean 0.014ms
[0.668s][info][gc,start    ] GC(1) Pause Remark
[0.669s][info][gc          ] GC(1) Pause Remark 12M->12M(50M) 0.783ms
[0.669s][info][gc,cpu      ] GC(1) User=0.00s Sys=0.00s Real=0.00s
[0.669s][info][gc,marking  ] GC(1) Concurrent Mark 1.395ms
[0.669s][info][gc,marking  ] GC(1) Concurrent Rebuild Remembered Sets
[0.669s][info][gc,marking  ] GC(1) Concurrent Rebuild Remembered Sets 0.006ms
[0.669s][info][gc,start    ] GC(1) Pause Cleanup
[0.669s][info][gc          ] GC(1) Pause Cleanup 12M->12M(50M) 0.009ms
[0.669s][info][gc,cpu      ] GC(1) User=0.00s Sys=0.00s Real=0.00s
[0.669s][info][gc,marking  ] GC(1) Concurrent Cleanup for Next Mark
[0.669s][info][gc,marking  ] GC(1) Concurrent Cleanup for Next Mark 0.107ms
[0.669s][info][gc          ] GC(1) Concurrent Mark Cycle 3.756ms
[0.841s][info][gc,start    ] GC(2) Pause Young (Normal) (G1 Preventive Collection)
[0.841s][info][gc,task     ] GC(2) Using 5 workers of 9 for evacuation
[0.847s][info][gc,phases   ] GC(2)   Pre Evacuate Collection Set: 0.0ms
[0.847s][info][gc,phases   ] GC(2)   Merge Heap Roots: 0.0ms
[0.847s][info][gc,phases   ] GC(2)   Evacuate Collection Set: 5.3ms
[0.847s][info][gc,phases   ] GC(2)   Post Evacuate Collection Set: 0.3ms
[0.847s][info][gc,phases   ] GC(2)   Other: 0.1ms
[0.847s][info][gc,heap     ] GC(2) Eden regions: 30->0(16)
[0.847s][info][gc,heap     ] GC(2) Survivor regions: 12->3(22)
[0.847s][info][gc,heap     ] GC(2) Old regions: 0->12
[0.847s][info][gc,heap     ] GC(2) Archive regions: 2->2
[0.847s][info][gc,heap     ] GC(2) Humongous regions: 0->0
[0.847s][info][gc,metaspace] GC(2) Metaspace: 25457K(25856K)->25457K(25856K) NonClass: 21980K(22208K)->21980K(22208K) Class: 3477K(3648K)->3477K(3648K)
[0.847s][info][gc          ] GC(2) Pause Young (Normal) (G1 Preventive Collection) 42M->14M(59M) 5.769ms
[0.847s][info][gc,cpu      ] GC(2) User=0.02s Sys=0.00s Real=0.01s
[0.947s][info][gc,start    ] GC(3) Pause Young (Normal) (G1 Evacuation Pause)
[0.947s][info][gc,task     ] GC(3) Using 3 workers of 9 for evacuation
[0.949s][info][gc,phases   ] GC(3)   Pre Evacuate Collection Set: 0.0ms
[0.949s][info][gc,phases   ] GC(3)   Merge Heap Roots: 0.0ms
[0.949s][info][gc,phases   ] GC(3)   Evacuate Collection Set: 1.7ms
[0.949s][info][gc,phases   ] GC(3)   Post Evacuate Collection Set: 0.2ms
[0.949s][info][gc,phases   ] GC(3)   Other: 0.1ms
[0.949s][info][gc,heap     ] GC(3) Eden regions: 16->0(17)
[0.949s][info][gc,heap     ] GC(3) Survivor regions: 3->2(3)
[0.949s][info][gc,heap     ] GC(3) Old regions: 12->14
[0.949s][info][gc,heap     ] GC(3) Archive regions: 2->2
[0.949s][info][gc,heap     ] GC(3) Humongous regions: 0->0
[0.949s][info][gc,metaspace] GC(3) Metaspace: 28264K(28672K)->28264K(28672K) NonClass: 24288K(24512K)->24288K(24512K) Class: 3976K(4160K)->3976K(4160K)
[0.949s][info][gc          ] GC(3) Pause Young (Normal) (G1 Evacuation Pause) 30M->15M(59M) 2.084ms
[0.949s][info][gc,cpu      ] GC(3) User=0.01s Sys=0.00s Real=0.00s
[1.060s][info][gc,start    ] GC(4) Pause Young (Normal) (G1 Evacuation Pause)
[1.060s][info][gc,task     ] GC(4) Using 2 workers of 9 for evacuation
[1.064s][info][gc,phases   ] GC(4)   Pre Evacuate Collection Set: 0.0ms
[1.064s][info][gc,phases   ] GC(4)   Merge Heap Roots: 0.0ms
[1.064s][info][gc,phases   ] GC(4)   Evacuate Collection Set: 3.7ms
[1.064s][info][gc,phases   ] GC(4)   Post Evacuate Collection Set: 0.2ms
[1.064s][info][gc,phases   ] GC(4)   Other: 0.1ms
[1.064s][info][gc,heap     ] GC(4) Eden regions: 17->0(16)
[1.064s][info][gc,heap     ] GC(4) Survivor regions: 2->3(3)
[1.064s][info][gc,heap     ] GC(4) Old regions: 14->14
[1.064s][info][gc,heap     ] GC(4) Archive regions: 2->2
[1.064s][info][gc,heap     ] GC(4) Humongous regions: 0->0
[1.064s][info][gc,metaspace] GC(4) Metaspace: 30933K(31360K)->30933K(31360K) NonClass: 26591K(26816K)->26591K(26816K) Class: 4341K(4544K)->4341K(4544K)
[1.064s][info][gc          ] GC(4) Pause Young (Normal) (G1 Evacuation Pause) 32M->17M(59M) 4.021ms
[1.064s][info][gc,cpu      ] GC(4) User=0.01s Sys=0.00s Real=0.01s
[1.163s][info][gc,start    ] GC(5) Pause Young (Normal) (G1 Evacuation Pause)
[1.163s][info][gc,task     ] GC(5) Using 8 workers of 9 for evacuation
[1.165s][info][gc,phases   ] GC(5)   Pre Evacuate Collection Set: 0.0ms
[1.165s][info][gc,phases   ] GC(5)   Merge Heap Roots: 0.0ms
[1.165s][info][gc,phases   ] GC(5)   Evacuate Collection Set: 1.2ms
[1.165s][info][gc,phases   ] GC(5)   Post Evacuate Collection Set: 0.2ms
[1.165s][info][gc,phases   ] GC(5)   Other: 0.1ms
[1.165s][info][gc,heap     ] GC(5) Eden regions: 16->0(17)
[1.165s][info][gc,heap     ] GC(5) Survivor regions: 3->2(3)
[1.165s][info][gc,heap     ] GC(5) Old regions: 14->16
[1.165s][info][gc,heap     ] GC(5) Archive regions: 2->2
[1.165s][info][gc,heap     ] GC(5) Humongous regions: 0->0
[1.165s][info][gc,metaspace] GC(5) Metaspace: 33643K(34048K)->33643K(34048K) NonClass: 28882K(29120K)->28882K(29120K) Class: 4760K(4928K)->4760K(4928K)
[1.165s][info][gc          ] GC(5) Pause Young (Normal) (G1 Evacuation Pause) 33M->18M(59M) 1.506ms
[1.165s][info][gc,cpu      ] GC(5) User=0.00s Sys=0.00s Real=0.00s
[1.263s][info][gc,start    ] GC(6) Pause Young (Normal) (G1 Evacuation Pause)
[1.263s][info][gc,task     ] GC(6) Using 8 workers of 9 for evacuation
[1.264s][info][gc,phases   ] GC(6)   Pre Evacuate Collection Set: 0.0ms
[1.264s][info][gc,phases   ] GC(6)   Merge Heap Roots: 0.0ms
[1.264s][info][gc,phases   ] GC(6)   Evacuate Collection Set: 0.8ms
[1.264s][info][gc,phases   ] GC(6)   Post Evacuate Collection Set: 0.4ms
[1.264s][info][gc,phases   ] GC(6)   Other: 0.1ms
[1.264s][info][gc,heap     ] GC(6) Eden regions: 17->0(92)
[1.264s][info][gc,heap     ] GC(6) Survivor regions: 2->3(3)
[1.264s][info][gc,heap     ] GC(6) Old regions: 16->16
[1.264s][info][gc,heap     ] GC(6) Archive regions: 2->2
[1.264s][info][gc,heap     ] GC(6) Humongous regions: 0->0
[1.264s][info][gc,metaspace] GC(6) Metaspace: 35560K(35968K)->35560K(35968K) NonClass: 30497K(30720K)->30497K(30720K) Class: 5062K(5248K)->5062K(5248K)
[1.264s][info][gc          ] GC(6) Pause Young (Normal) (G1 Evacuation Pause) 35M->19M(286M) 1.442ms
[1.264s][info][gc,cpu      ] GC(6) User=0.01s Sys=0.00s Real=0.00s
[1.269s][info][gc,start    ] GC(7) Pause Young (Concurrent Start) (Metadata GC Threshold)
[1.269s][info][gc,task     ] GC(7) Using 8 workers of 9 for evacuation
[1.270s][info][gc,phases   ] GC(7)   Pre Evacuate Collection Set: 0.1ms
[1.270s][info][gc,phases   ] GC(7)   Merge Heap Roots: 0.0ms
[1.270s][info][gc,phases   ] GC(7)   Evacuate Collection Set: 0.8ms
[1.270s][info][gc,phases   ] GC(7)   Post Evacuate Collection Set: 0.2ms
[1.270s][info][gc,phases   ] GC(7)   Other: 0.1ms
[1.270s][info][gc,heap     ] GC(7) Eden regions: 1->0(91)
[1.270s][info][gc,heap     ] GC(7) Survivor regions: 3->4(12)
[1.270s][info][gc,heap     ] GC(7) Old regions: 16->16
[1.270s][info][gc,heap     ] GC(7) Archive regions: 2->2
[1.270s][info][gc,heap     ] GC(7) Humongous regions: 0->0
[1.270s][info][gc,metaspace] GC(7) Metaspace: 35729K(36096K)->35729K(36096K) NonClass: 30649K(30848K)->30649K(30848K) Class: 5079K(5248K)->5079K(5248K)
[1.271s][info][gc          ] GC(7) Pause Young (Concurrent Start) (Metadata GC Threshold) 20M->19M(286M) 1.193ms
[1.271s][info][gc,cpu      ] GC(7) User=0.01s Sys=0.00s Real=0.00s
[1.271s][info][gc          ] GC(8) Concurrent Mark Cycle
[1.271s][info][gc,marking  ] GC(8) Concurrent Clear Claimed Marks
[1.271s][info][gc,marking  ] GC(8) Concurrent Clear Claimed Marks 0.016ms
[1.271s][info][gc,marking  ] GC(8) Concurrent Scan Root Regions
[1.272s][info][gc,marking  ] GC(8) Concurrent Scan Root Regions 1.131ms
[1.272s][info][gc,marking  ] GC(8) Concurrent Mark
[1.272s][info][gc,marking  ] GC(8) Concurrent Mark From Roots
[1.272s][info][gc,task     ] GC(8) Using 2 workers of 2 for marking
[1.278s][info][gc,marking  ] GC(8) Concurrent Mark From Roots 6.712ms
[1.278s][info][gc,marking  ] GC(8) Concurrent Preclean
[1.279s][info][gc,marking  ] GC(8) Concurrent Preclean 0.032ms
[1.279s][info][gc,start    ] GC(8) Pause Remark
[1.280s][info][gc          ] GC(8) Pause Remark 21M->21M(80M) 1.027ms
[1.280s][info][gc,cpu      ] GC(8) User=0.01s Sys=0.00s Real=0.00s
[1.280s][info][gc,marking  ] GC(8) Concurrent Mark 7.964ms
[1.280s][info][gc,marking  ] GC(8) Concurrent Rebuild Remembered Sets
[1.284s][info][gc,marking  ] GC(8) Concurrent Rebuild Remembered Sets 3.947ms
[1.284s][info][gc,start    ] GC(8) Pause Cleanup
[1.284s][info][gc          ] GC(8) Pause Cleanup 21M->21M(80M) 0.060ms
[1.284s][info][gc,cpu      ] GC(8) User=0.00s Sys=0.00s Real=0.00s
[1.284s][info][gc,marking  ] GC(8) Concurrent Cleanup for Next Mark
[1.284s][info][gc,marking  ] GC(8) Concurrent Cleanup for Next Mark 0.167ms
[1.284s][info][gc          ] GC(8) Concurrent Mark Cycle 13.534ms
[3.824s][info][gc,start    ] GC(9) Pause Young (Normal) (G1 Preventive Collection)
[3.824s][info][gc,task     ] GC(9) Using 8 workers of 9 for evacuation
[3.827s][info][gc,phases   ] GC(9)   Pre Evacuate Collection Set: 0.0ms
[3.827s][info][gc,phases   ] GC(9)   Merge Heap Roots: 0.1ms
[3.827s][info][gc,phases   ] GC(9)   Evacuate Collection Set: 2.3ms
[3.827s][info][gc,phases   ] GC(9)   Post Evacuate Collection Set: 0.3ms
[3.827s][info][gc,phases   ] GC(9)   Other: 0.1ms
[3.827s][info][gc,heap     ] GC(9) Eden regions: 49->0(19)
[3.827s][info][gc,heap     ] GC(9) Survivor regions: 4->7(12)
[3.827s][info][gc,heap     ] GC(9) Old regions: 16->16
[3.827s][info][gc,heap     ] GC(9) Archive regions: 2->2
[3.827s][info][gc,heap     ] GC(9) Humongous regions: 0->0
[3.827s][info][gc,metaspace] GC(9) Metaspace: 43764K(44288K)->43764K(44288K) NonClass: 37579K(37824K)->37579K(37824K) Class: 6184K(6464K)->6184K(6464K)
[3.827s][info][gc          ] GC(9) Pause Young (Normal) (G1 Preventive Collection) 68M->22M(80M) 2.896ms
[3.827s][info][gc,cpu      ] GC(9) User=0.02s Sys=0.00s Real=0.00s
