[0.006s][info][gc] Using G1
[0.007s][info][gc,init] Version: 17.0.6+9-LTS-190 (release)
[0.007s][info][gc,init] CPUs: 10 total, 10 available
[0.007s][info][gc,init] Memory: 32768M
[0.007s][info][gc,init] Large Page Support: Disabled
[0.007s][info][gc,init] NUMA Support: Disabled
[0.007s][info][gc,init] Compressed Oops: Enabled (Zero based)
[0.007s][info][gc,init] Heap Region Size: 1M
[0.007s][info][gc,init] Heap Min Capacity: 8M
[0.007s][info][gc,init] Heap Initial Capacity: 512M
[0.007s][info][gc,init] Heap Max Capacity: 1G
[0.007s][info][gc,init] Pre-touch: Disabled
[0.007s][info][gc,init] Parallel Workers: 9
[0.007s][info][gc,init] Concurrent Workers: 2
[0.007s][info][gc,init] Concurrent Refinement Workers: 9
[0.007s][info][gc,init] Periodic GC: Disabled
[0.008s][info][gc,metaspace] CDS archive(s) mapped at: [0x0000000800000000-0x0000000800bd8000-0x0000000800bd8000), size 12419072, SharedBaseAddress: 0x0000000800000000, ArchiveRelocationMode: 0.
[0.008s][info][gc,metaspace] Compressed class space mapped at: 0x0000000800c00000-0x0000000840c00000, reserved size: 1073741824
[0.008s][info][gc,metaspace] Narrow klass base: 0x0000000800000000, Narrow klass shift: 0, Narrow klass range: 0x100000000
[0.639s][info][gc,start    ] GC(0) Pause Young (Concurrent Start) (Metadata GC Threshold)
[0.639s][info][gc,task     ] GC(0) Using 9 workers of 9 for evacuation
[0.643s][info][gc,phases   ] GC(0)   Pre Evacuate Collection Set: 0.1ms
[0.644s][info][gc,phases   ] GC(0)   Merge Heap Roots: 0.1ms
[0.644s][info][gc,phases   ] GC(0)   Evacuate Collection Set: 3.4ms
[0.644s][info][gc,phases   ] GC(0)   Post Evacuate Collection Set: 0.5ms
[0.644s][info][gc,phases   ] GC(0)   Other: 0.3ms
[0.644s][info][gc,heap     ] GC(0) Eden regions: 114->0(158)
[0.644s][info][gc,heap     ] GC(0) Survivor regions: 0->12(22)
[0.644s][info][gc,heap     ] GC(0) Old regions: 0->0
[0.644s][info][gc,heap     ] GC(0) Archive regions: 2->2
[0.644s][info][gc,heap     ] GC(0) Humongous regions: 0->0
[0.644s][info][gc,metaspace] GC(0) Metaspace: 21259K(21504K)->21259K(21504K) NonClass: 18357K(18496K)->18357K(18496K) Class: 2901K(3008K)->2901K(3008K)
[0.644s][info][gc          ] GC(0) Pause Young (Concurrent Start) (Metadata GC Threshold) 114M->12M(514M) 4.424ms
[0.644s][info][gc,cpu      ] GC(0) User=0.02s Sys=0.00s Real=0.00s
[0.644s][info][gc          ] GC(1) Concurrent Mark Cycle
[0.644s][info][gc,marking  ] GC(1) Concurrent Clear Claimed Marks
[0.644s][info][gc,marking  ] GC(1) Concurrent Clear Claimed Marks 0.019ms
[0.644s][info][gc,marking  ] GC(1) Concurrent Scan Root Regions
[0.646s][info][gc,marking  ] GC(1) Concurrent Scan Root Regions 1.890ms
[0.646s][info][gc,marking  ] GC(1) Concurrent Mark
[0.646s][info][gc,marking  ] GC(1) Concurrent Mark From Roots
[0.646s][info][gc,task     ] GC(1) Using 2 workers of 2 for marking
[0.646s][info][gc,marking  ] GC(1) Concurrent Mark From Roots 0.529ms
[0.646s][info][gc,marking  ] GC(1) Concurrent Preclean
[0.646s][info][gc,marking  ] GC(1) Concurrent Preclean 0.015ms
[0.646s][info][gc,start    ] GC(1) Pause Remark
[0.647s][info][gc          ] GC(1) Pause Remark 12M->12M(50M) 0.822ms
[0.647s][info][gc,cpu      ] GC(1) User=0.00s Sys=0.00s Real=0.00s
[0.647s][info][gc,marking  ] GC(1) Concurrent Mark 1.481ms
[0.647s][info][gc,marking  ] GC(1) Concurrent Rebuild Remembered Sets
[0.647s][info][gc,marking  ] GC(1) Concurrent Rebuild Remembered Sets 0.006ms
[0.647s][info][gc,start    ] GC(1) Pause Cleanup
[0.647s][info][gc          ] GC(1) Pause Cleanup 12M->12M(50M) 0.030ms
[0.647s][info][gc,cpu      ] GC(1) User=0.00s Sys=0.00s Real=0.00s
[0.647s][info][gc,marking  ] GC(1) Concurrent Cleanup for Next Mark
[0.647s][info][gc,marking  ] GC(1) Concurrent Cleanup for Next Mark 0.111ms
[0.647s][info][gc          ] GC(1) Concurrent Mark Cycle 3.805ms
[0.802s][info][gc,start    ] GC(2) Pause Young (Normal) (G1 Preventive Collection)
[0.802s][info][gc,task     ] GC(2) Using 5 workers of 9 for evacuation
[0.809s][info][gc,phases   ] GC(2)   Pre Evacuate Collection Set: 0.0ms
[0.809s][info][gc,phases   ] GC(2)   Merge Heap Roots: 0.0ms
[0.809s][info][gc,phases   ] GC(2)   Evacuate Collection Set: 5.7ms
[0.809s][info][gc,phases   ] GC(2)   Post Evacuate Collection Set: 0.4ms
[0.809s][info][gc,phases   ] GC(2)   Other: 0.1ms
[0.809s][info][gc,heap     ] GC(2) Eden regions: 29->0(16)
[0.809s][info][gc,heap     ] GC(2) Survivor regions: 12->3(22)
[0.809s][info][gc,heap     ] GC(2) Old regions: 0->12
[0.809s][info][gc,heap     ] GC(2) Archive regions: 2->2
[0.809s][info][gc,heap     ] GC(2) Humongous regions: 0->0
[0.809s][info][gc,metaspace] GC(2) Metaspace: 25271K(25664K)->25271K(25664K) NonClass: 21812K(22016K)->21812K(22016K) Class: 3459K(3648K)->3459K(3648K)
[0.809s][info][gc          ] GC(2) Pause Young (Normal) (G1 Preventive Collection) 41M->14M(58M) 6.291ms
[0.809s][info][gc,cpu      ] GC(2) User=0.02s Sys=0.01s Real=0.01s
[0.931s][info][gc,start    ] GC(3) Pause Young (Normal) (G1 Evacuation Pause)
[0.931s][info][gc,task     ] GC(3) Using 3 workers of 9 for evacuation
[0.933s][info][gc,phases   ] GC(3)   Pre Evacuate Collection Set: 0.0ms
[0.933s][info][gc,phases   ] GC(3)   Merge Heap Roots: 0.0ms
[0.933s][info][gc,phases   ] GC(3)   Evacuate Collection Set: 1.8ms
[0.933s][info][gc,phases   ] GC(3)   Post Evacuate Collection Set: 0.2ms
[0.933s][info][gc,phases   ] GC(3)   Other: 0.1ms
[0.933s][info][gc,heap     ] GC(3) Eden regions: 16->0(17)
[0.933s][info][gc,heap     ] GC(3) Survivor regions: 3->2(3)
[0.933s][info][gc,heap     ] GC(3) Old regions: 12->13
[0.933s][info][gc,heap     ] GC(3) Archive regions: 2->2
[0.933s][info][gc,heap     ] GC(3) Humongous regions: 0->0
[0.933s][info][gc,metaspace] GC(3) Metaspace: 28065K(28480K)->28065K(28480K) NonClass: 24133K(24320K)->24133K(24320K) Class: 3931K(4160K)->3931K(4160K)
[0.933s][info][gc          ] GC(3) Pause Young (Normal) (G1 Evacuation Pause) 30M->15M(58M) 2.234ms
[0.933s][info][gc,cpu      ] GC(3) User=0.01s Sys=0.00s Real=0.00s
[1.044s][info][gc,start    ] GC(4) Pause Young (Normal) (G1 Evacuation Pause)
[1.044s][info][gc,task     ] GC(4) Using 2 workers of 9 for evacuation
[1.048s][info][gc,phases   ] GC(4)   Pre Evacuate Collection Set: 0.0ms
[1.048s][info][gc,phases   ] GC(4)   Merge Heap Roots: 0.0ms
[1.048s][info][gc,phases   ] GC(4)   Evacuate Collection Set: 4.0ms
[1.048s][info][gc,phases   ] GC(4)   Post Evacuate Collection Set: 0.2ms
[1.048s][info][gc,phases   ] GC(4)   Other: 0.1ms
[1.048s][info][gc,heap     ] GC(4) Eden regions: 17->0(16)
[1.048s][info][gc,heap     ] GC(4) Survivor regions: 2->3(3)
[1.048s][info][gc,heap     ] GC(4) Old regions: 13->13
[1.048s][info][gc,heap     ] GC(4) Archive regions: 2->2
[1.048s][info][gc,heap     ] GC(4) Humongous regions: 0->0
[1.048s][info][gc,metaspace] GC(4) Metaspace: 30824K(31232K)->30824K(31232K) NonClass: 26513K(26752K)->26513K(26752K) Class: 4311K(4480K)->4311K(4480K)
[1.048s][info][gc          ] GC(4) Pause Young (Normal) (G1 Evacuation Pause) 32M->16M(58M) 4.367ms
[1.048s][info][gc,cpu      ] GC(4) User=0.01s Sys=0.00s Real=0.01s
[1.144s][info][gc,start    ] GC(5) Pause Young (Normal) (G1 Evacuation Pause)
[1.144s][info][gc,task     ] GC(5) Using 8 workers of 9 for evacuation
[1.146s][info][gc,phases   ] GC(5)   Pre Evacuate Collection Set: 0.0ms
[1.146s][info][gc,phases   ] GC(5)   Merge Heap Roots: 0.0ms
[1.146s][info][gc,phases   ] GC(5)   Evacuate Collection Set: 1.1ms
[1.146s][info][gc,phases   ] GC(5)   Post Evacuate Collection Set: 0.2ms
[1.146s][info][gc,phases   ] GC(5)   Other: 0.1ms
[1.146s][info][gc,heap     ] GC(5) Eden regions: 16->0(17)
[1.146s][info][gc,heap     ] GC(5) Survivor regions: 3->2(3)
[1.146s][info][gc,heap     ] GC(5) Old regions: 13->16
[1.146s][info][gc,heap     ] GC(5) Archive regions: 2->2
[1.146s][info][gc,heap     ] GC(5) Humongous regions: 0->0
[1.146s][info][gc,metaspace] GC(5) Metaspace: 33381K(33856K)->33381K(33856K) NonClass: 28669K(28928K)->28669K(28928K) Class: 4711K(4928K)->4711K(4928K)
[1.146s][info][gc          ] GC(5) Pause Young (Normal) (G1 Evacuation Pause) 32M->18M(58M) 1.518ms
[1.146s][info][gc,cpu      ] GC(5) User=0.01s Sys=0.00s Real=0.01s
[1.241s][info][gc,start    ] GC(6) Pause Young (Normal) (G1 Evacuation Pause)
[1.241s][info][gc,task     ] GC(6) Using 8 workers of 9 for evacuation
[1.242s][info][gc,phases   ] GC(6)   Pre Evacuate Collection Set: 0.1ms
[1.242s][info][gc,phases   ] GC(6)   Merge Heap Roots: 0.0ms
[1.242s][info][gc,phases   ] GC(6)   Evacuate Collection Set: 0.9ms
[1.242s][info][gc,phases   ] GC(6)   Post Evacuate Collection Set: 0.4ms
[1.242s][info][gc,phases   ] GC(6)   Other: 0.1ms
[1.242s][info][gc,heap     ] GC(6) Eden regions: 17->0(92)
[1.242s][info][gc,heap     ] GC(6) Survivor regions: 2->3(3)
[1.242s][info][gc,heap     ] GC(6) Old regions: 16->16
[1.242s][info][gc,heap     ] GC(6) Archive regions: 2->2
[1.242s][info][gc,heap     ] GC(6) Humongous regions: 0->0
[1.242s][info][gc,metaspace] GC(6) Metaspace: 35430K(35904K)->35430K(35904K) NonClass: 30395K(30656K)->30395K(30656K) Class: 5035K(5248K)->5035K(5248K)
[1.242s][info][gc          ] GC(6) Pause Young (Normal) (G1 Evacuation Pause) 35M->19M(285M) 1.562ms
[1.242s][info][gc,cpu      ] GC(6) User=0.01s Sys=0.00s Real=0.00s
[1.250s][info][gc,start    ] GC(7) Pause Young (Concurrent Start) (Metadata GC Threshold)
[1.250s][info][gc,task     ] GC(7) Using 8 workers of 9 for evacuation
[1.251s][info][gc,phases   ] GC(7)   Pre Evacuate Collection Set: 0.1ms
[1.251s][info][gc,phases   ] GC(7)   Merge Heap Roots: 0.1ms
[1.251s][info][gc,phases   ] GC(7)   Evacuate Collection Set: 0.8ms
[1.251s][info][gc,phases   ] GC(7)   Post Evacuate Collection Set: 0.2ms
[1.251s][info][gc,phases   ] GC(7)   Other: 0.1ms
[1.251s][info][gc,heap     ] GC(7) Eden regions: 2->0(91)
[1.251s][info][gc,heap     ] GC(7) Survivor regions: 3->4(12)
[1.251s][info][gc,heap     ] GC(7) Old regions: 16->16
[1.251s][info][gc,heap     ] GC(7) Archive regions: 2->2
[1.251s][info][gc,heap     ] GC(7) Humongous regions: 0->0
[1.251s][info][gc,metaspace] GC(7) Metaspace: 35578K(35968K)->35578K(35968K) NonClass: 30522K(30720K)->30522K(30720K) Class: 5055K(5248K)->5055K(5248K)
[1.251s][info][gc          ] GC(7) Pause Young (Concurrent Start) (Metadata GC Threshold) 20M->19M(285M) 1.307ms
[1.251s][info][gc,cpu      ] GC(7) User=0.01s Sys=0.00s Real=0.00s
[1.251s][info][gc          ] GC(8) Concurrent Mark Cycle
[1.251s][info][gc,marking  ] GC(8) Concurrent Clear Claimed Marks
[1.251s][info][gc,marking  ] GC(8) Concurrent Clear Claimed Marks 0.011ms
[1.251s][info][gc,marking  ] GC(8) Concurrent Scan Root Regions
[1.253s][info][gc,marking  ] GC(8) Concurrent Scan Root Regions 1.207ms
[1.253s][info][gc,marking  ] GC(8) Concurrent Mark
[1.253s][info][gc,marking  ] GC(8) Concurrent Mark From Roots
[1.253s][info][gc,task     ] GC(8) Using 2 workers of 2 for marking
[1.259s][info][gc,marking  ] GC(8) Concurrent Mark From Roots 6.564ms
[1.259s][info][gc,marking  ] GC(8) Concurrent Preclean
[1.259s][info][gc,marking  ] GC(8) Concurrent Preclean 0.035ms
[1.259s][info][gc,start    ] GC(8) Pause Remark
[1.260s][info][gc          ] GC(8) Pause Remark 21M->21M(80M) 1.023ms
[1.260s][info][gc,cpu      ] GC(8) User=0.01s Sys=0.00s Real=0.00s
[1.261s][info][gc,marking  ] GC(8) Concurrent Mark 7.816ms
[1.261s][info][gc,marking  ] GC(8) Concurrent Rebuild Remembered Sets
[1.264s][info][gc,marking  ] GC(8) Concurrent Rebuild Remembered Sets 3.947ms
[1.265s][info][gc,start    ] GC(8) Pause Cleanup
[1.265s][info][gc          ] GC(8) Pause Cleanup 21M->21M(80M) 0.059ms
[1.265s][info][gc,cpu      ] GC(8) User=0.00s Sys=0.00s Real=0.00s
[1.265s][info][gc,marking  ] GC(8) Concurrent Cleanup for Next Mark
[1.265s][info][gc,marking  ] GC(8) Concurrent Cleanup for Next Mark 0.244ms
[1.265s][info][gc          ] GC(8) Concurrent Mark Cycle 13.501ms
[55.751s][info][gc,start    ] GC(9) Pause Young (Normal) (G1 Preventive Collection)
[55.751s][info][gc,task     ] GC(9) Using 8 workers of 9 for evacuation
[55.754s][info][gc,phases   ] GC(9)   Pre Evacuate Collection Set: 0.1ms
[55.754s][info][gc,phases   ] GC(9)   Merge Heap Roots: 0.1ms
[55.754s][info][gc,phases   ] GC(9)   Evacuate Collection Set: 2.4ms
[55.754s][info][gc,phases   ] GC(9)   Post Evacuate Collection Set: 0.3ms
[55.754s][info][gc,phases   ] GC(9)   Other: 0.1ms
[55.754s][info][gc,heap     ] GC(9) Eden regions: 49->0(20)
[55.754s][info][gc,heap     ] GC(9) Survivor regions: 4->6(12)
[55.754s][info][gc,heap     ] GC(9) Old regions: 16->16
[55.754s][info][gc,heap     ] GC(9) Archive regions: 2->2
[55.754s][info][gc,heap     ] GC(9) Humongous regions: 0->0
[55.754s][info][gc,metaspace] GC(9) Metaspace: 43101K(43584K)->43101K(43584K) NonClass: 37022K(37248K)->37022K(37248K) Class: 6078K(6336K)->6078K(6336K)
[55.754s][info][gc          ] GC(9) Pause Young (Normal) (G1 Preventive Collection) 68M->22M(80M) 3.001ms
[55.754s][info][gc,cpu      ] GC(9) User=0.02s Sys=0.00s Real=0.01s
[92.757s][info][gc,heap,exit] Heap
[92.757s][info][gc,heap,exit]  garbage-first heap   total 81920K, used 35113K [0x00000007c0000000, 0x0000000800000000)
[92.757s][info][gc,heap,exit]   region size 1024K, 18 young (18432K), 6 survivors (6144K)
[92.757s][info][gc,heap,exit]  Metaspace       used 45443K, committed 45952K, reserved 1089536K
[92.757s][info][gc,heap,exit]   class space    used 6408K, committed 6656K, reserved 1048576K
