[0.007s][info][gc] Using G1
[0.008s][info][gc,init] Version: 17.0.6+9-LTS-190 (release)
[0.008s][info][gc,init] CPUs: 10 total, 10 available
[0.008s][info][gc,init] Memory: 32768M
[0.008s][info][gc,init] Large Page Support: Disabled
[0.008s][info][gc,init] NUMA Support: Disabled
[0.008s][info][gc,init] Compressed Oops: Enabled (Zero based)
[0.008s][info][gc,init] Heap Region Size: 1M
[0.008s][info][gc,init] Heap Min Capacity: 8M
[0.008s][info][gc,init] Heap Initial Capacity: 512M
[0.008s][info][gc,init] Heap Max Capacity: 1G
[0.008s][info][gc,init] Pre-touch: Disabled
[0.008s][info][gc,init] Parallel Workers: 9
[0.008s][info][gc,init] Concurrent Workers: 2
[0.008s][info][gc,init] Concurrent Refinement Workers: 9
[0.008s][info][gc,init] Periodic GC: Disabled
[0.008s][info][gc,metaspace] CDS archive(s) mapped at: [0x0000000800000000-0x0000000800bd8000-0x0000000800bd8000), size 12419072, SharedBaseAddress: 0x0000000800000000, ArchiveRelocationMode: 0.
[0.008s][info][gc,metaspace] Compressed class space mapped at: 0x0000000800c00000-0x0000000840c00000, reserved size: 1073741824
[0.008s][info][gc,metaspace] Narrow klass base: 0x0000000800000000, Narrow klass shift: 0, Narrow klass range: 0x100000000
[0.653s][info][gc,start    ] GC(0) Pause Young (Concurrent Start) (Metadata GC Threshold)
[0.653s][info][gc,task     ] GC(0) Using 9 workers of 9 for evacuation
[0.657s][info][gc,phases   ] GC(0)   Pre Evacuate Collection Set: 0.1ms
[0.657s][info][gc,phases   ] GC(0)   Merge Heap Roots: 0.0ms
[0.657s][info][gc,phases   ] GC(0)   Evacuate Collection Set: 3.5ms
[0.657s][info][gc,phases   ] GC(0)   Post Evacuate Collection Set: 0.3ms
[0.657s][info][gc,phases   ] GC(0)   Other: 0.3ms
[0.657s][info][gc,heap     ] GC(0) Eden regions: 115->0(158)
[0.657s][info][gc,heap     ] GC(0) Survivor regions: 0->12(22)
[0.657s][info][gc,heap     ] GC(0) Old regions: 0->0
[0.657s][info][gc,heap     ] GC(0) Archive regions: 2->2
[0.657s][info][gc,heap     ] GC(0) Humongous regions: 0->0
[0.657s][info][gc,metaspace] GC(0) Metaspace: 21267K(21504K)->21267K(21504K) NonClass: 18362K(18496K)->18362K(18496K) Class: 2905K(3008K)->2905K(3008K)
[0.657s][info][gc          ] GC(0) Pause Young (Concurrent Start) (Metadata GC Threshold) 115M->12M(514M) 4.352ms
[0.657s][info][gc,cpu      ] GC(0) User=0.03s Sys=0.00s Real=0.00s
[0.657s][info][gc          ] GC(1) Concurrent Mark Cycle
[0.657s][info][gc,marking  ] GC(1) Concurrent Clear Claimed Marks
[0.657s][info][gc,marking  ] GC(1) Concurrent Clear Claimed Marks 0.012ms
[0.657s][info][gc,marking  ] GC(1) Concurrent Scan Root Regions
[0.659s][info][gc,marking  ] GC(1) Concurrent Scan Root Regions 1.917ms
[0.659s][info][gc,marking  ] GC(1) Concurrent Mark
[0.659s][info][gc,marking  ] GC(1) Concurrent Mark From Roots
[0.659s][info][gc,task     ] GC(1) Using 2 workers of 2 for marking
[0.660s][info][gc,marking  ] GC(1) Concurrent Mark From Roots 0.565ms
[0.660s][info][gc,marking  ] GC(1) Concurrent Preclean
[0.660s][info][gc,marking  ] GC(1) Concurrent Preclean 0.015ms
[0.660s][info][gc,start    ] GC(1) Pause Remark
[0.661s][info][gc          ] GC(1) Pause Remark 12M->12M(50M) 0.786ms
[0.661s][info][gc,cpu      ] GC(1) User=0.00s Sys=0.00s Real=0.00s
[0.661s][info][gc,marking  ] GC(1) Concurrent Mark 1.475ms
[0.661s][info][gc,marking  ] GC(1) Concurrent Rebuild Remembered Sets
[0.661s][info][gc,marking  ] GC(1) Concurrent Rebuild Remembered Sets 0.006ms
[0.661s][info][gc,start    ] GC(1) Pause Cleanup
[0.661s][info][gc          ] GC(1) Pause Cleanup 12M->12M(50M) 0.011ms
[0.661s][info][gc,cpu      ] GC(1) User=0.00s Sys=0.00s Real=0.00s
[0.661s][info][gc,marking  ] GC(1) Concurrent Cleanup for Next Mark
[0.661s][info][gc,marking  ] GC(1) Concurrent Cleanup for Next Mark 0.110ms
[0.661s][info][gc          ] GC(1) Concurrent Mark Cycle 3.711ms
[0.847s][info][gc,start    ] GC(2) Pause Young (Normal) (G1 Preventive Collection)
[0.847s][info][gc,task     ] GC(2) Using 5 workers of 9 for evacuation
[0.853s][info][gc,phases   ] GC(2)   Pre Evacuate Collection Set: 0.0ms
[0.853s][info][gc,phases   ] GC(2)   Merge Heap Roots: 0.0ms
[0.853s][info][gc,phases   ] GC(2)   Evacuate Collection Set: 5.7ms
[0.853s][info][gc,phases   ] GC(2)   Post Evacuate Collection Set: 0.4ms
[0.853s][info][gc,phases   ] GC(2)   Other: 0.1ms
[0.853s][info][gc,heap     ] GC(2) Eden regions: 30->0(16)
[0.853s][info][gc,heap     ] GC(2) Survivor regions: 12->3(22)
[0.853s][info][gc,heap     ] GC(2) Old regions: 0->11
[0.853s][info][gc,heap     ] GC(2) Archive regions: 2->2
[0.853s][info][gc,heap     ] GC(2) Humongous regions: 0->0
[0.853s][info][gc,metaspace] GC(2) Metaspace: 25510K(25920K)->25510K(25920K) NonClass: 22024K(22272K)->22024K(22272K) Class: 3485K(3648K)->3485K(3648K)
[0.853s][info][gc          ] GC(2) Pause Young (Normal) (G1 Preventive Collection) 42M->14M(58M) 6.337ms
[0.853s][info][gc,cpu      ] GC(2) User=0.02s Sys=0.01s Real=0.01s
[0.959s][info][gc,start    ] GC(3) Pause Young (Normal) (G1 Evacuation Pause)
[0.959s][info][gc,task     ] GC(3) Using 3 workers of 9 for evacuation
[0.961s][info][gc,phases   ] GC(3)   Pre Evacuate Collection Set: 0.0ms
[0.961s][info][gc,phases   ] GC(3)   Merge Heap Roots: 0.0ms
[0.961s][info][gc,phases   ] GC(3)   Evacuate Collection Set: 2.0ms
[0.961s][info][gc,phases   ] GC(3)   Post Evacuate Collection Set: 0.2ms
[0.961s][info][gc,phases   ] GC(3)   Other: 0.1ms
[0.961s][info][gc,heap     ] GC(3) Eden regions: 16->0(17)
[0.961s][info][gc,heap     ] GC(3) Survivor regions: 3->2(3)
[0.961s][info][gc,heap     ] GC(3) Old regions: 11->13
[0.961s][info][gc,heap     ] GC(3) Archive regions: 2->2
[0.961s][info][gc,heap     ] GC(3) Humongous regions: 0->0
[0.961s][info][gc,metaspace] GC(3) Metaspace: 28304K(28672K)->28304K(28672K) NonClass: 24321K(24512K)->24321K(24512K) Class: 3983K(4160K)->3983K(4160K)
[0.961s][info][gc          ] GC(3) Pause Young (Normal) (G1 Evacuation Pause) 30M->15M(58M) 2.351ms
[0.961s][info][gc,cpu      ] GC(3) User=0.01s Sys=0.00s Real=0.00s
[1.080s][info][gc,start    ] GC(4) Pause Young (Normal) (G1 Evacuation Pause)
[1.080s][info][gc,task     ] GC(4) Using 2 workers of 9 for evacuation
[1.085s][info][gc,phases   ] GC(4)   Pre Evacuate Collection Set: 0.0ms
[1.085s][info][gc,phases   ] GC(4)   Merge Heap Roots: 0.0ms
[1.085s][info][gc,phases   ] GC(4)   Evacuate Collection Set: 3.9ms
[1.085s][info][gc,phases   ] GC(4)   Post Evacuate Collection Set: 0.1ms
[1.085s][info][gc,phases   ] GC(4)   Other: 0.1ms
[1.085s][info][gc,heap     ] GC(4) Eden regions: 17->0(16)
[1.085s][info][gc,heap     ] GC(4) Survivor regions: 2->3(3)
[1.085s][info][gc,heap     ] GC(4) Old regions: 13->13
[1.085s][info][gc,heap     ] GC(4) Archive regions: 2->2
[1.085s][info][gc,heap     ] GC(4) Humongous regions: 0->0
[1.085s][info][gc,metaspace] GC(4) Metaspace: 30977K(31424K)->30977K(31424K) NonClass: 26626K(26880K)->26626K(26880K) Class: 4350K(4544K)->4350K(4544K)
[1.085s][info][gc          ] GC(4) Pause Young (Normal) (G1 Evacuation Pause) 32M->16M(58M) 4.224ms
[1.085s][info][gc,cpu      ] GC(4) User=0.01s Sys=0.00s Real=0.01s
[1.186s][info][gc,start    ] GC(5) Pause Young (Normal) (G1 Evacuation Pause)
[1.186s][info][gc,task     ] GC(5) Using 8 workers of 9 for evacuation
[1.187s][info][gc,phases   ] GC(5)   Pre Evacuate Collection Set: 0.0ms
[1.187s][info][gc,phases   ] GC(5)   Merge Heap Roots: 0.0ms
[1.187s][info][gc,phases   ] GC(5)   Evacuate Collection Set: 1.1ms
[1.187s][info][gc,phases   ] GC(5)   Post Evacuate Collection Set: 0.2ms
[1.187s][info][gc,phases   ] GC(5)   Other: 0.1ms
[1.187s][info][gc,heap     ] GC(5) Eden regions: 16->0(17)
[1.187s][info][gc,heap     ] GC(5) Survivor regions: 3->2(3)
[1.187s][info][gc,heap     ] GC(5) Old regions: 13->16
[1.187s][info][gc,heap     ] GC(5) Archive regions: 2->2
[1.187s][info][gc,heap     ] GC(5) Humongous regions: 0->0
[1.187s][info][gc,metaspace] GC(5) Metaspace: 33659K(34048K)->33659K(34048K) NonClass: 28900K(29120K)->28900K(29120K) Class: 4759K(4928K)->4759K(4928K)
[1.187s][info][gc          ] GC(5) Pause Young (Normal) (G1 Evacuation Pause) 32M->18M(58M) 1.489ms
[1.187s][info][gc,cpu      ] GC(5) User=0.01s Sys=0.00s Real=0.00s
[1.294s][info][gc,start    ] GC(6) Pause Young (Normal) (G1 Evacuation Pause)
[1.294s][info][gc,task     ] GC(6) Using 8 workers of 9 for evacuation
[1.296s][info][gc,phases   ] GC(6)   Pre Evacuate Collection Set: 0.0ms
[1.296s][info][gc,phases   ] GC(6)   Merge Heap Roots: 0.0ms
[1.296s][info][gc,phases   ] GC(6)   Evacuate Collection Set: 0.9ms
[1.296s][info][gc,phases   ] GC(6)   Post Evacuate Collection Set: 0.4ms
[1.296s][info][gc,phases   ] GC(6)   Other: 0.1ms
[1.296s][info][gc,heap     ] GC(6) Eden regions: 17->0(92)
[1.296s][info][gc,heap     ] GC(6) Survivor regions: 2->3(3)
[1.296s][info][gc,heap     ] GC(6) Old regions: 16->16
[1.296s][info][gc,heap     ] GC(6) Archive regions: 2->2
[1.296s][info][gc,heap     ] GC(6) Humongous regions: 0->0
[1.296s][info][gc,metaspace] GC(6) Metaspace: 35558K(35968K)->35558K(35968K) NonClass: 30497K(30720K)->30497K(30720K) Class: 5060K(5248K)->5060K(5248K)
[1.296s][info][gc          ] GC(6) Pause Young (Normal) (G1 Evacuation Pause) 35M->19M(285M) 1.450ms
[1.296s][info][gc,cpu      ] GC(6) User=0.00s Sys=0.00s Real=0.00s
[1.301s][info][gc,start    ] GC(7) Pause Young (Concurrent Start) (Metadata GC Threshold)
[1.301s][info][gc,task     ] GC(7) Using 8 workers of 9 for evacuation
[1.302s][info][gc,phases   ] GC(7)   Pre Evacuate Collection Set: 0.1ms
[1.302s][info][gc,phases   ] GC(7)   Merge Heap Roots: 0.0ms
[1.302s][info][gc,phases   ] GC(7)   Evacuate Collection Set: 0.8ms
[1.302s][info][gc,phases   ] GC(7)   Post Evacuate Collection Set: 0.2ms
[1.302s][info][gc,phases   ] GC(7)   Other: 0.1ms
[1.302s][info][gc,heap     ] GC(7) Eden regions: 1->0(92)
[1.302s][info][gc,heap     ] GC(7) Survivor regions: 3->3(12)
[1.302s][info][gc,heap     ] GC(7) Old regions: 16->16
[1.302s][info][gc,heap     ] GC(7) Archive regions: 2->2
[1.302s][info][gc,heap     ] GC(7) Humongous regions: 0->0
[1.302s][info][gc,metaspace] GC(7) Metaspace: 35734K(36096K)->35734K(36096K) NonClass: 30655K(30848K)->30655K(30848K) Class: 5078K(5248K)->5078K(5248K)
[1.302s][info][gc          ] GC(7) Pause Young (Concurrent Start) (Metadata GC Threshold) 20M->19M(285M) 1.293ms
[1.302s][info][gc,cpu      ] GC(7) User=0.00s Sys=0.00s Real=0.01s
[1.302s][info][gc          ] GC(8) Concurrent Mark Cycle
[1.302s][info][gc,marking  ] GC(8) Concurrent Clear Claimed Marks
[1.302s][info][gc,marking  ] GC(8) Concurrent Clear Claimed Marks 0.015ms
[1.302s][info][gc,marking  ] GC(8) Concurrent Scan Root Regions
[1.303s][info][gc,marking  ] GC(8) Concurrent Scan Root Regions 1.103ms
[1.303s][info][gc,marking  ] GC(8) Concurrent Mark
[1.303s][info][gc,marking  ] GC(8) Concurrent Mark From Roots
[1.303s][info][gc,task     ] GC(8) Using 2 workers of 2 for marking
[1.310s][info][gc,marking  ] GC(8) Concurrent Mark From Roots 6.960ms
[1.310s][info][gc,marking  ] GC(8) Concurrent Preclean
[1.310s][info][gc,marking  ] GC(8) Concurrent Preclean 0.037ms
[1.310s][info][gc,start    ] GC(8) Pause Remark
[1.311s][info][gc          ] GC(8) Pause Remark 20M->20M(77M) 1.025ms
[1.311s][info][gc,cpu      ] GC(8) User=0.00s Sys=0.00s Real=0.00s
[1.311s][info][gc,marking  ] GC(8) Concurrent Mark 8.221ms
[1.311s][info][gc,marking  ] GC(8) Concurrent Rebuild Remembered Sets
[1.315s][info][gc,marking  ] GC(8) Concurrent Rebuild Remembered Sets 3.778ms
[1.315s][info][gc,start    ] GC(8) Pause Cleanup
[1.315s][info][gc          ] GC(8) Pause Cleanup 21M->21M(77M) 0.054ms
[1.315s][info][gc,cpu      ] GC(8) User=0.00s Sys=0.00s Real=0.00s
[1.315s][info][gc,marking  ] GC(8) Concurrent Cleanup for Next Mark
[1.315s][info][gc,marking  ] GC(8) Concurrent Cleanup for Next Mark 0.118ms
[1.315s][info][gc          ] GC(8) Concurrent Mark Cycle 13.510ms
[6.034s][info][gc,start    ] GC(9) Pause Young (Normal) (G1 Preventive Collection)
[6.034s][info][gc,task     ] GC(9) Using 8 workers of 9 for evacuation
[6.036s][info][gc,phases   ] GC(9)   Pre Evacuate Collection Set: 0.0ms
[6.036s][info][gc,phases   ] GC(9)   Merge Heap Roots: 0.1ms
[6.037s][info][gc,phases   ] GC(9)   Evacuate Collection Set: 2.5ms
[6.037s][info][gc,phases   ] GC(9)   Post Evacuate Collection Set: 0.3ms
[6.037s][info][gc,phases   ] GC(9)   Other: 0.1ms
[6.037s][info][gc,heap     ] GC(9) Eden regions: 48->0(19)
[6.037s][info][gc,heap     ] GC(9) Survivor regions: 3->6(12)
[6.037s][info][gc,heap     ] GC(9) Old regions: 16->16
[6.037s][info][gc,heap     ] GC(9) Archive regions: 2->2
[6.037s][info][gc,heap     ] GC(9) Humongous regions: 0->0
[6.037s][info][gc,metaspace] GC(9) Metaspace: 43632K(44160K)->43632K(44160K) NonClass: 37466K(37696K)->37466K(37696K) Class: 6165K(6464K)->6165K(6464K)
[6.037s][info][gc          ] GC(9) Pause Young (Normal) (G1 Preventive Collection) 67M->22M(77M) 3.069ms
[6.037s][info][gc,cpu      ] GC(9) User=0.02s Sys=0.01s Real=0.00s
[23.843s][info][gc,heap,exit] Heap
[23.843s][info][gc,heap,exit]  garbage-first heap   total 78848K, used 30188K [0x00000007c0000000, 0x0000000800000000)
[23.843s][info][gc,heap,exit]   region size 1024K, 13 young (13312K), 6 survivors (6144K)
[23.843s][info][gc,heap,exit]  Metaspace       used 44446K, committed 44928K, reserved 1089536K
[23.843s][info][gc,heap,exit]   class space    used 6296K, committed 6528K, reserved 1048576K
