[0.007s][info][gc] Using G1
[0.008s][info][gc,init] Version: 17.0.6+9-LTS-190 (release)
[0.008s][info][gc,init] CPUs: 10 total, 10 available
[0.008s][info][gc,init] Memory: 32768M
[0.008s][info][gc,init] Large Page Support: Disabled
[0.008s][info][gc,init] NUMA Support: Disabled
[0.008s][info][gc,init] Compressed Oops: Enabled (Zero based)
[0.008s][info][gc,init] Heap Region Size: 1M
[0.008s][info][gc,init] Heap Min Capacity: 8M
[0.008s][info][gc,init] Heap Initial Capacity: 512M
[0.008s][info][gc,init] Heap Max Capacity: 1G
[0.008s][info][gc,init] Pre-touch: Disabled
[0.008s][info][gc,init] Parallel Workers: 9
[0.008s][info][gc,init] Concurrent Workers: 2
[0.008s][info][gc,init] Concurrent Refinement Workers: 9
[0.008s][info][gc,init] Periodic GC: Disabled
[0.008s][info][gc,metaspace] CDS archive(s) mapped at: [0x0000000800000000-0x0000000800bd8000-0x0000000800bd8000), size 12419072, SharedBaseAddress: 0x0000000800000000, ArchiveRelocationMode: 0.
[0.008s][info][gc,metaspace] Compressed class space mapped at: 0x0000000800c00000-0x0000000840c00000, reserved size: 1073741824
[0.008s][info][gc,metaspace] Narrow klass base: 0x0000000800000000, Narrow klass shift: 0, Narrow klass range: 0x100000000
[0.717s][info][gc,start    ] GC(0) Pause Young (Concurrent Start) (Metadata GC Threshold)
[0.717s][info][gc,task     ] GC(0) Using 9 workers of 9 for evacuation
[0.722s][info][gc,phases   ] GC(0)   Pre Evacuate Collection Set: 0.1ms
[0.722s][info][gc,phases   ] GC(0)   Merge Heap Roots: 0.0ms
[0.722s][info][gc,phases   ] GC(0)   Evacuate Collection Set: 3.7ms
[0.722s][info][gc,phases   ] GC(0)   Post Evacuate Collection Set: 0.4ms
[0.722s][info][gc,phases   ] GC(0)   Other: 0.3ms
[0.722s][info][gc,heap     ] GC(0) Eden regions: 114->0(158)
[0.722s][info][gc,heap     ] GC(0) Survivor regions: 0->12(22)
[0.722s][info][gc,heap     ] GC(0) Old regions: 0->0
[0.722s][info][gc,heap     ] GC(0) Archive regions: 2->2
[0.722s][info][gc,heap     ] GC(0) Humongous regions: 0->0
[0.722s][info][gc,metaspace] GC(0) Metaspace: 21259K(21504K)->21259K(21504K) NonClass: 18356K(18496K)->18356K(18496K) Class: 2903K(3008K)->2903K(3008K)
[0.722s][info][gc          ] GC(0) Pause Young (Concurrent Start) (Metadata GC Threshold) 114M->12M(514M) 4.573ms
[0.722s][info][gc,cpu      ] GC(0) User=0.02s Sys=0.00s Real=0.01s
[0.722s][info][gc          ] GC(1) Concurrent Mark Cycle
[0.722s][info][gc,marking  ] GC(1) Concurrent Clear Claimed Marks
[0.722s][info][gc,marking  ] GC(1) Concurrent Clear Claimed Marks 0.018ms
[0.722s][info][gc,marking  ] GC(1) Concurrent Scan Root Regions
[0.724s][info][gc,marking  ] GC(1) Concurrent Scan Root Regions 2.172ms
[0.724s][info][gc,marking  ] GC(1) Concurrent Mark
[0.724s][info][gc,marking  ] GC(1) Concurrent Mark From Roots
[0.724s][info][gc,task     ] GC(1) Using 2 workers of 2 for marking
[0.725s][info][gc,marking  ] GC(1) Concurrent Mark From Roots 0.823ms
[0.725s][info][gc,marking  ] GC(1) Concurrent Preclean
[0.725s][info][gc,marking  ] GC(1) Concurrent Preclean 0.014ms
[0.725s][info][gc,start    ] GC(1) Pause Remark
[0.726s][info][gc          ] GC(1) Pause Remark 12M->12M(50M) 0.931ms
[0.726s][info][gc,cpu      ] GC(1) User=0.00s Sys=0.00s Real=0.00s
[0.726s][info][gc,marking  ] GC(1) Concurrent Mark 2.001ms
[0.726s][info][gc,marking  ] GC(1) Concurrent Rebuild Remembered Sets
[0.726s][info][gc,marking  ] GC(1) Concurrent Rebuild Remembered Sets 0.006ms
[0.726s][info][gc,start    ] GC(1) Pause Cleanup
[0.726s][info][gc          ] GC(1) Pause Cleanup 12M->12M(50M) 0.017ms
[0.726s][info][gc,cpu      ] GC(1) User=0.00s Sys=0.00s Real=0.00s
[0.726s][info][gc,marking  ] GC(1) Concurrent Cleanup for Next Mark
[0.726s][info][gc,marking  ] GC(1) Concurrent Cleanup for Next Mark 0.113ms
[0.726s][info][gc          ] GC(1) Concurrent Mark Cycle 4.639ms
[0.897s][info][gc,start    ] GC(2) Pause Young (Normal) (G1 Preventive Collection)
[0.897s][info][gc,task     ] GC(2) Using 5 workers of 9 for evacuation
[0.902s][info][gc,phases   ] GC(2)   Pre Evacuate Collection Set: 0.0ms
[0.902s][info][gc,phases   ] GC(2)   Merge Heap Roots: 0.0ms
[0.902s][info][gc,phases   ] GC(2)   Evacuate Collection Set: 5.5ms
[0.902s][info][gc,phases   ] GC(2)   Post Evacuate Collection Set: 0.3ms
[0.903s][info][gc,phases   ] GC(2)   Other: 0.1ms
[0.903s][info][gc,heap     ] GC(2) Eden regions: 30->0(16)
[0.903s][info][gc,heap     ] GC(2) Survivor regions: 12->3(22)
[0.903s][info][gc,heap     ] GC(2) Old regions: 0->11
[0.903s][info][gc,heap     ] GC(2) Archive regions: 2->2
[0.903s][info][gc,heap     ] GC(2) Humongous regions: 0->0
[0.903s][info][gc,metaspace] GC(2) Metaspace: 25499K(25920K)->25499K(25920K) NonClass: 22016K(22272K)->22016K(22272K) Class: 3482K(3648K)->3482K(3648K)
[0.903s][info][gc          ] GC(2) Pause Young (Normal) (G1 Preventive Collection) 42M->14M(58M) 5.981ms
[0.903s][info][gc,cpu      ] GC(2) User=0.02s Sys=0.01s Real=0.01s
[0.998s][info][gc,start    ] GC(3) Pause Young (Normal) (G1 Evacuation Pause)
[0.999s][info][gc,task     ] GC(3) Using 3 workers of 9 for evacuation
[1.000s][info][gc,phases   ] GC(3)   Pre Evacuate Collection Set: 0.0ms
[1.000s][info][gc,phases   ] GC(3)   Merge Heap Roots: 0.0ms
[1.000s][info][gc,phases   ] GC(3)   Evacuate Collection Set: 1.7ms
[1.000s][info][gc,phases   ] GC(3)   Post Evacuate Collection Set: 0.1ms
[1.000s][info][gc,phases   ] GC(3)   Other: 0.1ms
[1.000s][info][gc,heap     ] GC(3) Eden regions: 16->0(17)
[1.000s][info][gc,heap     ] GC(3) Survivor regions: 3->2(3)
[1.000s][info][gc,heap     ] GC(3) Old regions: 11->13
[1.000s][info][gc,heap     ] GC(3) Archive regions: 2->2
[1.000s][info][gc,heap     ] GC(3) Humongous regions: 0->0
[1.000s][info][gc,metaspace] GC(3) Metaspace: 28296K(28672K)->28296K(28672K) NonClass: 24314K(24512K)->24314K(24512K) Class: 3982K(4160K)->3982K(4160K)
[1.000s][info][gc          ] GC(3) Pause Young (Normal) (G1 Evacuation Pause) 30M->15M(58M) 1.967ms
[1.000s][info][gc,cpu      ] GC(3) User=0.00s Sys=0.00s Real=0.00s
[1.109s][info][gc,start    ] GC(4) Pause Young (Normal) (G1 Evacuation Pause)
[1.109s][info][gc,task     ] GC(4) Using 2 workers of 9 for evacuation
[1.113s][info][gc,phases   ] GC(4)   Pre Evacuate Collection Set: 0.0ms
[1.113s][info][gc,phases   ] GC(4)   Merge Heap Roots: 0.0ms
[1.113s][info][gc,phases   ] GC(4)   Evacuate Collection Set: 3.9ms
[1.113s][info][gc,phases   ] GC(4)   Post Evacuate Collection Set: 0.2ms
[1.114s][info][gc,phases   ] GC(4)   Other: 0.1ms
[1.114s][info][gc,heap     ] GC(4) Eden regions: 17->0(16)
[1.114s][info][gc,heap     ] GC(4) Survivor regions: 2->3(3)
[1.114s][info][gc,heap     ] GC(4) Old regions: 13->13
[1.114s][info][gc,heap     ] GC(4) Archive regions: 2->2
[1.114s][info][gc,heap     ] GC(4) Humongous regions: 0->0
[1.114s][info][gc,metaspace] GC(4) Metaspace: 30974K(31424K)->30974K(31424K) NonClass: 26626K(26880K)->26626K(26880K) Class: 4348K(4544K)->4348K(4544K)
[1.114s][info][gc          ] GC(4) Pause Young (Normal) (G1 Evacuation Pause) 32M->16M(58M) 4.239ms
[1.114s][info][gc,cpu      ] GC(4) User=0.01s Sys=0.00s Real=0.00s
[1.209s][info][gc,start    ] GC(5) Pause Young (Normal) (G1 Evacuation Pause)
[1.209s][info][gc,task     ] GC(5) Using 8 workers of 9 for evacuation
[1.210s][info][gc,phases   ] GC(5)   Pre Evacuate Collection Set: 0.0ms
[1.210s][info][gc,phases   ] GC(5)   Merge Heap Roots: 0.0ms
[1.211s][info][gc,phases   ] GC(5)   Evacuate Collection Set: 1.5ms
[1.211s][info][gc,phases   ] GC(5)   Post Evacuate Collection Set: 0.2ms
[1.211s][info][gc,phases   ] GC(5)   Other: 0.1ms
[1.211s][info][gc,heap     ] GC(5) Eden regions: 16->0(17)
[1.211s][info][gc,heap     ] GC(5) Survivor regions: 3->2(3)
[1.211s][info][gc,heap     ] GC(5) Old regions: 13->16
[1.211s][info][gc,heap     ] GC(5) Archive regions: 2->2
[1.211s][info][gc,heap     ] GC(5) Humongous regions: 0->0
[1.211s][info][gc,metaspace] GC(5) Metaspace: 33658K(34176K)->33658K(34176K) NonClass: 28900K(29184K)->28900K(29184K) Class: 4758K(4992K)->4758K(4992K)
[1.211s][info][gc          ] GC(5) Pause Young (Normal) (G1 Evacuation Pause) 32M->18M(58M) 1.976ms
[1.211s][info][gc,cpu      ] GC(5) User=0.01s Sys=0.01s Real=0.00s
[1.313s][info][gc,start    ] GC(6) Pause Young (Normal) (G1 Evacuation Pause)
[1.313s][info][gc,task     ] GC(6) Using 8 workers of 9 for evacuation
[1.315s][info][gc,phases   ] GC(6)   Pre Evacuate Collection Set: 0.0ms
[1.315s][info][gc,phases   ] GC(6)   Merge Heap Roots: 0.0ms
[1.315s][info][gc,phases   ] GC(6)   Evacuate Collection Set: 1.0ms
[1.315s][info][gc,phases   ] GC(6)   Post Evacuate Collection Set: 0.5ms
[1.315s][info][gc,phases   ] GC(6)   Other: 0.1ms
[1.315s][info][gc,heap     ] GC(6) Eden regions: 17->0(92)
[1.315s][info][gc,heap     ] GC(6) Survivor regions: 2->3(3)
[1.315s][info][gc,heap     ] GC(6) Old regions: 16->16
[1.315s][info][gc,heap     ] GC(6) Archive regions: 2->2
[1.315s][info][gc,heap     ] GC(6) Humongous regions: 0->0
[1.315s][info][gc,metaspace] GC(6) Metaspace: 35555K(36032K)->35555K(36032K) NonClass: 30496K(30720K)->30496K(30720K) Class: 5058K(5312K)->5058K(5312K)
[1.315s][info][gc          ] GC(6) Pause Young (Normal) (G1 Evacuation Pause) 35M->19M(285M) 1.840ms
[1.315s][info][gc,cpu      ] GC(6) User=0.01s Sys=0.00s Real=0.00s
[1.318s][info][gc,start    ] GC(7) Pause Young (Concurrent Start) (Metadata GC Threshold)
[1.318s][info][gc,task     ] GC(7) Using 8 workers of 9 for evacuation
[1.320s][info][gc,phases   ] GC(7)   Pre Evacuate Collection Set: 0.1ms
[1.320s][info][gc,phases   ] GC(7)   Merge Heap Roots: 0.0ms
[1.320s][info][gc,phases   ] GC(7)   Evacuate Collection Set: 1.1ms
[1.320s][info][gc,phases   ] GC(7)   Post Evacuate Collection Set: 0.2ms
[1.320s][info][gc,phases   ] GC(7)   Other: 0.1ms
[1.320s][info][gc,heap     ] GC(7) Eden regions: 1->0(91)
[1.320s][info][gc,heap     ] GC(7) Survivor regions: 3->4(12)
[1.320s][info][gc,heap     ] GC(7) Old regions: 16->16
[1.320s][info][gc,heap     ] GC(7) Archive regions: 2->2
[1.320s][info][gc,heap     ] GC(7) Humongous regions: 0->0
[1.320s][info][gc,metaspace] GC(7) Metaspace: 35656K(36096K)->35656K(36096K) NonClass: 30585K(30784K)->30585K(30784K) Class: 5071K(5312K)->5071K(5312K)
[1.320s][info][gc          ] GC(7) Pause Young (Concurrent Start) (Metadata GC Threshold) 20M->19M(285M) 1.532ms
[1.320s][info][gc,cpu      ] GC(7) User=0.01s Sys=0.00s Real=0.00s
[1.320s][info][gc          ] GC(8) Concurrent Mark Cycle
[1.320s][info][gc,marking  ] GC(8) Concurrent Clear Claimed Marks
[1.320s][info][gc,marking  ] GC(8) Concurrent Clear Claimed Marks 0.015ms
[1.320s][info][gc,marking  ] GC(8) Concurrent Scan Root Regions
[1.321s][info][gc,marking  ] GC(8) Concurrent Scan Root Regions 1.272ms
[1.321s][info][gc,marking  ] GC(8) Concurrent Mark
[1.321s][info][gc,marking  ] GC(8) Concurrent Mark From Roots
[1.321s][info][gc,task     ] GC(8) Using 2 workers of 2 for marking
[1.329s][info][gc,marking  ] GC(8) Concurrent Mark From Roots 7.497ms
[1.329s][info][gc,marking  ] GC(8) Concurrent Preclean
[1.329s][info][gc,marking  ] GC(8) Concurrent Preclean 0.044ms
[1.329s][info][gc,start    ] GC(8) Pause Remark
[1.330s][info][gc          ] GC(8) Pause Remark 21M->21M(80M) 1.072ms
[1.330s][info][gc,cpu      ] GC(8) User=0.00s Sys=0.00s Real=0.00s
[1.330s][info][gc,marking  ] GC(8) Concurrent Mark 8.803ms
[1.330s][info][gc,marking  ] GC(8) Concurrent Rebuild Remembered Sets
[1.334s][info][gc,marking  ] GC(8) Concurrent Rebuild Remembered Sets 3.784ms
[1.334s][info][gc,start    ] GC(8) Pause Cleanup
[1.334s][info][gc          ] GC(8) Pause Cleanup 21M->21M(80M) 0.083ms
[1.334s][info][gc,cpu      ] GC(8) User=0.00s Sys=0.00s Real=0.00s
[1.334s][info][gc,marking  ] GC(8) Concurrent Cleanup for Next Mark
[1.334s][info][gc,marking  ] GC(8) Concurrent Cleanup for Next Mark 0.114ms
[1.334s][info][gc          ] GC(8) Concurrent Mark Cycle 14.310ms
[20.175s][info][gc,start    ] GC(9) Pause Young (Normal) (G1 Preventive Collection)
[20.175s][info][gc,task     ] GC(9) Using 8 workers of 9 for evacuation
[20.177s][info][gc,phases   ] GC(9)   Pre Evacuate Collection Set: 0.0ms
[20.177s][info][gc,phases   ] GC(9)   Merge Heap Roots: 0.1ms
[20.177s][info][gc,phases   ] GC(9)   Evacuate Collection Set: 1.9ms
[20.177s][info][gc,phases   ] GC(9)   Post Evacuate Collection Set: 0.2ms
[20.177s][info][gc,phases   ] GC(9)   Other: 0.1ms
[20.177s][info][gc,heap     ] GC(9) Eden regions: 49->0(20)
[20.177s][info][gc,heap     ] GC(9) Survivor regions: 4->6(12)
[20.177s][info][gc,heap     ] GC(9) Old regions: 16->16
[20.177s][info][gc,heap     ] GC(9) Archive regions: 2->2
[20.177s][info][gc,heap     ] GC(9) Humongous regions: 0->0
[20.177s][info][gc,metaspace] GC(9) Metaspace: 43168K(43648K)->43168K(43648K) NonClass: 37077K(37312K)->37077K(37312K) Class: 6090K(6336K)->6090K(6336K)
[20.177s][info][gc          ] GC(9) Pause Young (Normal) (G1 Preventive Collection) 68M->22M(80M) 2.372ms
[20.177s][info][gc,cpu      ] GC(9) User=0.01s Sys=0.00s Real=0.00s
[95.234s][info][gc,heap,exit] Heap
[95.234s][info][gc,heap,exit]  garbage-first heap   total 81920K, used 32590K [0x00000007c0000000, 0x0000000800000000)
[95.234s][info][gc,heap,exit]   region size 1024K, 16 young (16384K), 6 survivors (6144K)
[95.234s][info][gc,heap,exit]  Metaspace       used 44444K, committed 44992K, reserved 1089536K
[95.234s][info][gc,heap,exit]   class space    used 6292K, committed 6592K, reserved 1048576K
